¢z¢w¢w¢w¢w¢w¢w¢w¢w¢w¢w¢w¢w¢w¢w¢w¢w¢w¢w¢w¢w¢w¢w¢w¢w¢w¢w¢w¢w¢w¢w¢w¢w¢w¢w¢w¢w¢w¢w¢w¢w¢w¢w¢w¢w¢w¢w¢w¢w¢w¢w¢{
¢x            O N E W A Y     T O W N               ¢x
¢u¢w¢w¢w¢w¢w¢w¢w¢w¢w¢w¢w¢w¢w¢w¢w¢w¢w¢w¢w¢w¢w¢w¢w¢w¢w¢w¢w¢w¢w¢w¢w¢w¢w¢w¢w¢w¢w¢w¢w¢w¢w¢w¢w¢w¢w¢w¢w¢w¢w¢w¢t
¢x     [Church]  [Gym]  [BlackSmith]  [Guild]     ¢z¢w¢t
¢x                                                ¢x ¢x
¢x ################################################ ¢x
¢u¢w¢w¢w¢w¢w¢w¢w¢w¢w¢w¢w¢w¢w¢w¢w¢w¢w¢w¢w¢w¢w¢w¢w¢w¢w¢w¢w¢w¢w¢w¢w¢w¢w¢w¢w¢w¢w¢w¢w¢w¢w¢w¢w¢w¢w¢w¢w¢w¢w¢w¢t
¢x TITLE :                    TARGET                ¢x
¢x A T K :                                          ¢x
¢x D E F :                    ATK :                 ¢x 
¢x H   P :                    DEF :                 ¢x
¢x HONOR :                    H P :                 ¢x
¢x E X P :                                          ¢x
¢x                                                  ¢x
¢x                                                  ¢x
¢|¢w¢w¢w¢w¢w¢w¢w¢w¢w¢w¢w¢w¢w¢w¢w¢w¢w¢w¢w¢w¢w¢w¢w¢w¢w¢w¢w¢w¢w¢w¢w¢w¢w¢w¢w¢w¢w¢w¢w¢w¢w¢w¢w¢w¢w¢w¢w¢w¢w¢w¢}