¢z¢w¢w¢w¢w¢w¢w¢w¢w¢w¢w¢w¢w¢w¢w¢w¢w¢w¢w¢w¢w¢w¢w¢w¢w¢w¢w¢w¢w¢w¢w¢w¢w¢w¢w¢w¢w¢w¢w¢w¢w¢w¢w¢w¢w¢w¢w¢w¢w¢w¢w¢{
¢x                        VS                        ¢x
¢u¢w¢w¢w¢w¢w¢w¢w¢w¢w¢w¢w¢w¢w¢w¢w¢w¢w¢w¢w¢w¢w¢w¢w¢w¢w¢w¢w¢w¢w¢w¢w¢w¢w¢w¢w¢w¢w¢w¢w¢w¢w¢w¢w¢w¢w¢w¢w¢w¢w¢w¢t
¢x                                                  ¢x
¢x                                                  ¢x
¢x #################################################¢x
¢u¢w¢w¢w¢w¢w¢w¢w¢w¢w¢w¢w¢w¢w¢w¢w¢w¢w¢w¢w¢w¢w¢w¢w¢w¢w¢w¢w¢w¢w¢w¢w¢w¢w¢w¢w¢w¢w¢w¢w¢w¢w¢w¢w¢w¢w¢w¢w¢w¢w¢w¢t
¢x                                                  ¢x
¢x                                                  ¢x
¢x                                                  ¢x
¢x                                                  ¢x
¢x                                                  ¢x
¢x                                                  ¢x
¢x                                                  ¢x
¢|¢w¢w¢w¢w¢w¢w¢w¢w¢w¢w¢w¢w¢w¢w¢w¢w¢w¢w¢w¢w¢w¢w¢w¢w¢w¢w¢w¢w¢w¢w¢w¢w¢w¢w¢w¢w¢w¢w¢w¢w¢w¢w¢w¢w¢w¢w¢w¢w¢w¢w¢}